=== VigilanceAI Attack Simulation against 15.207.102.82 ===
Started: Fri Aug  7 15:44:00 UTC 2026

### Reconnaissance - Nmap Port/Service Scan ###
./test_pipeline/attack_simulation.sh: line 29: nmap: command not found

### Reconnaissance - Aggressive OS/Script Scan ###
./test_pipeline/attack_simulation.sh: line 33: nmap: command not found

### Reconnaissance - Full Port Sweep ###
./test_pipeline/attack_simulation.sh: line 37: nmap: command not found

### Brute Force - SSH (Hydra) ###
./test_pipeline/attack_simulation.sh: line 48: hydra: command not found

### Brute Force - Repeated SSH Failed Logins (simple loop) ###
Warning: Permanently added '15.207.102.82' (ED25519) to the list of known hosts.
baduser1@15.207.102.82: Permission denied (publickey).
baduser2@15.207.102.82: Permission denied (publickey).
baduser3@15.207.102.82: Permission denied (publickey).
baduser4@15.207.102.82: Permission denied (publickey).
baduser5@15.207.102.82: Permission denied (publickey).
baduser6@15.207.102.82: Permission denied (publickey).
baduser7@15.207.102.82: Permission denied (publickey).
baduser8@15.207.102.82: Permission denied (publickey).

### Web Recon - Nikto Vulnerability Scan ###
./test_pipeline/attack_simulation.sh: line 60: nikto: command not found

### Web Attack - SQLMap Injection Test (dashboard/API endpoint) ###
./test_pipeline/attack_simulation.sh: line 65: sqlmap: command not found

### Impact - Light SYN Flood Test (hping3, short burst only) ###
timeout: failed to execute process: No such file or directory (os error 2)

### Discovery - Service Enumeration via curl ###
HTTP/1.1 200 OK
Vary: Origin
Content-Type: text/html
Cache-Control: no-cache
Etag: W/"430-WKGrhbD18R9ayI4XkMoDqSLsIQg"
Date: Fri, 07 Aug 2026 15:44:17 GMT
Connection: keep-alive
Keep-Alive: timeout=5

HTTP/1.1 405 Method Not Allowed
date: Fri, 07 Aug 2026 15:44:17 GMT
server: uvicorn
allow: GET
content-length: 31
content-type: application/json


=== Simulation complete: Fri Aug  7 15:44:17 UTC 2026 ===
